// Jest Snapshot v1, https://goo.gl/fbAQLP

exports[`Logo renders correctly 1`] = `
<div>
  <a
    class="group relative transition whitespace-nowrap hover:transition duration-300 text-2xl font-bold flex gap-4 items-center"
    href="/"
    style="opacity: 0; transform: translateY(-10px) translateZ(0);"
  >
    <span
      style="box-sizing: border-box; display: inline-block; overflow: hidden; background: none; opacity: 1; border: 0px; margin: 0px; padding: 0px; position: relative; max-width: 100%;"
    >
      <span
        style="box-sizing: border-box; display: block; background: none; opacity: 1; border: 0px; margin: 0px; padding: 0px; max-width: 100%;"
      >
        <img
          alt=""
          aria-hidden="true"
          src="data:image/svg+xml,%3csvg%20xmlns=%27http://www.w3.org/2000/svg%27%20version=%271.1%27%20width=%2748%27%20height=%2748%27/%3e"
          style="display: block; max-width: 100%; background: none; opacity: 1; border: 0px; margin: 0px; padding: 0px;"
        />
      </span>
      <img
        alt="Vectorised image of Rajesh Royal"
        class="w-12 h-12"
        data-nimg="intrinsic"
        decoding="async"
        src="data:image/gif;base64,R0lGODlhAQABAIAAAAAAAP///yH5BAEAAAAALAAAAAABAAEAAAIBRAA7"
        style="position: absolute; top: 0px; left: 0px; bottom: 0px; right: 0px; box-sizing: border-box; padding: 0px; margin: auto; display: block; width: 0px; height: 0px; min-width: 100%; max-width: 100%; min-height: 100%; max-height: 100%;"
      />
      <noscript />
    </span>
    <span
      class="transition duration-300 opacity-100 group-hover:opacity-0"
    >
      @rajroyal
    </span>
    <span
      class="absolute transition duration-300 left-16 opacity-0 group-hover:opacity-100 group-hover:text-transparent group-hover:bg-clip-text group-hover:bg-gradient-to-r from-blue-start to-blue-stop dark:from-purple-start dark:to-purple-stop"
    >
      Rajesh Royal
    </span>
  </a>
</div>
`;
